
> portfolio@0.1.0 build
> next build

node.exe : ΓÜá 
`eslint` 
configuration in 
next.config.ts is no 
longer supported. 
See more info here: h
ttps://nextjs.org/doc
s/app/api-reference/c
li/next#next-lint-opt
ions
At C:\Program Files\n
odejs\npm.ps1:29 
char:3
+   & $NODE_EXE 
$NPM_CLI_JS $args
+   ~~~~~~~~~~~~~~~~~
~~~~~~~~~~~~
    + CategoryInfo   
           : NotSpe  
  cified: (ΓÜá `es   
 lint` co...xt-li    
nt-options:Strin    
g) [], RemoteExc    
eption
    + FullyQualified 
   ErrorId : Native  
  CommandError
 
ΓÜá Invalid 
next.config.ts 
options detected: 
ΓÜá     Unrecognized 
key(s) in object: 
'eslint'
ΓÜá See more info 
here: https://nextjs.
org/docs/messages/inv
alid-next-config
Γû▓ Next.js 16.1.6 (Turbopack)

  Creating an optimized production build ...
Error: Cannot apply 
unknown utility 
class `bg-background`
    [2m[at 
onInvalidCandidate 
(D:\web protofolio Fa
uzan\node_modules\tai
lwindcss\dist\lib.js:
21:1511)][0m
    [2m[at Te 
(D:\web protofolio Fa
uzan\node_modules\tai
lwindcss\dist\lib.js:
16:36652)][0m
    [2m[at D:\web 
protofolio Fauzan\nod
e_modules\tailwindcss
\dist\lib.js:21:355]
[0m
    [2m[at Rr 
(D:\web protofolio Fa
uzan\node_modules\tai
lwindcss\dist\lib.js:
3:1718)][0m
    [2m[at _ 
(D:\web protofolio Fa
uzan\node_modules\tai
lwindcss\dist\lib.js:
3:1377)][0m
    [2m[at $e 
(D:\web protofolio Fa
uzan\node_modules\tai
lwindcss\dist\lib.js:
21:172)][0m
    [2m[at un 
(D:\web protofolio Fa
uzan\node_modules\tai
lwindcss\dist\lib.js:
38:294)][0m
    [2m[at async cn 
(D:\web protofolio Fa
uzan\node_modules\tai
lwindcss\dist\lib.js:
38:631)][0m
    [2m[at async Xr 
(D:\web protofolio Fa
uzan\node_modules\@ta
ilwindcss\node\dist\i
ndex.js:10:3417)][0m
    [2m[at async I 
(D:\web protofolio Fa
uzan\node_modules\@ta
ilwindcss\postcss\dis
t\index.js:10:3977)]
[0m

> Build error 
occurred
Error: Turbopack 
build failed with 1 
errors:
./src/app/globals.css
Error evaluating 
Node.js code
CssSyntaxError: 
tailwindcss: D:\web 
protofolio Fauzan\src
\app\globals.css:1:1:
 Cannot apply 
unknown utility 
class `bg-background`
    at Input.error (n
ode_modules/postcss/l
ib/input.js:135:16) 
[D:\web protofolio Fa
uzan\.next\build\chun
ks\node_modules_fe693
df6._.js:4651:22]
    at Root.error (no
de_modules/postcss/li
b/node.js:146:32) 
[D:\web protofolio Fa
uzan\.next\build\chun
ks\node_modules_fe693
df6._.js:928:38]
    [at Object.Once 
(D:\web protofolio Fa
uzan\node_modules\@ta
ilwindcss\postcss\dis
t\index.js:10:6911)]
    at async 
LazyResult.runAsync (
node_modules/postcss/
lib/lazy-result.js:29
3:11) [D:\web 
protofolio Fauzan\.ne
xt\build\chunks\node_
modules_fe693df6._.js
:6206:21]
    at async 
transform (turbopack:
///[turbopack-node]/t
ransforms/postcss.ts:
70:34) [D:\web 
protofolio Fauzan\.ne
xt\build\chunks\[root
-of-the-server]__5122
5daf._.js:146:36]
    at async run (tur
bopack:///[turbopack-
node]/ipc/evaluate.ts
:92:23) [D:\web 
protofolio Fauzan\.ne
xt\build\chunks\[root
-of-the-server]__9749
41ed._.js:443:31]

Import trace:
  Client Component 
Browser:
    ./src/app/globals
.css [Client 
Component Browser]
    
./src/app/layout.tsx 
[Server Component]


    at async 
transform (turbopack:
///[turbopack-node]/t
ransforms/postcss.ts:
70:34) [D:\web 
protofolio Fauzan\.ne
xt\build\chunks\[root
-of-the-server]__5122
5daf._.js:146:36])
    at async run (tur
bopack:///[turbopack-
node]/ipc/evaluate.ts
:92:23) [D:\web 
protofolio Fauzan\.ne
xt\build\chunks\[root
-of-the-server]__9749
41ed._.js:443:31])
